2025-04-14 09:31:22.117+0000 INFO  Logging config in use: Embedded default config 'default-user-logs.xml'
2025-04-14 09:31:22.129+0000 INFO  Starting...
2025-04-14 09:31:22.976+0000 INFO  This instance is ServerId{d99fe5fc} (d99fe5fc-3098-4d43-a054-356409add66a)
2025-04-14 09:31:24.217+0000 INFO  ======== Neo4j 5.26.5 ========
2025-04-14 09:31:27.999+0000 INFO  Anonymous Usage Data is being sent to Neo4j, see https://neo4j.com/docs/usage-data/
2025-04-14 09:31:38.043+0000 INFO  Bolt enabled on 0.0.0.0:7687.
2025-04-14 09:31:39.015+0000 INFO  HTTP enabled on 0.0.0.0:7474.
2025-04-14 09:31:39.016+0000 INFO  Remote interface available at http://localhost:7474/
2025-04-14 09:31:39.019+0000 INFO  id: 7CCA56A3C88775BEA3A0352C231D49165C6999F4279CB2039C03631FC632FC5C
2025-04-14 09:31:39.019+0000 INFO  name: system
2025-04-14 09:31:39.019+0000 INFO  creationDate: 2025-04-14T09:31:25.441Z
2025-04-14 09:31:39.020+0000 INFO  Started.
2025-04-16 02:35:52.193+0000 INFO  Logging config in use: Embedded default config 'default-user-logs.xml'
2025-04-16 02:35:52.201+0000 INFO  Starting...
2025-04-16 02:35:53.110+0000 INFO  This instance is ServerId{d99fe5fc} (d99fe5fc-3098-4d43-a054-356409add66a)
2025-04-16 02:35:54.913+0000 INFO  ======== Neo4j 5.26.5 ========
2025-04-16 02:35:58.436+0000 INFO  Anonymous Usage Data is being sent to Neo4j, see https://neo4j.com/docs/usage-data/
2025-04-16 02:36:08.484+0000 INFO  Bolt enabled on 0.0.0.0:7687.
2025-04-16 02:36:09.576+0000 INFO  HTTP enabled on 0.0.0.0:7474.
2025-04-16 02:36:09.577+0000 INFO  Remote interface available at http://localhost:7474/
2025-04-16 02:36:09.582+0000 INFO  id: 7CCA56A3C88775BEA3A0352C231D49165C6999F4279CB2039C03631FC632FC5C
2025-04-16 02:36:09.582+0000 INFO  name: system
2025-04-16 02:36:09.583+0000 INFO  creationDate: 2025-04-14T09:31:25.441Z
2025-04-16 02:36:09.584+0000 INFO  Started.
2025-04-16 07:20:04.431+0000 INFO  Neo4j Server shutdown initiated by request
2025-04-16 07:20:04.447+0000 INFO  Stopping...
2025-04-16 07:20:23.691+0000 INFO  Logging config in use: Embedded default config 'default-user-logs.xml'
2025-04-16 07:20:23.699+0000 INFO  Starting...
2025-04-16 07:20:24.799+0000 INFO  This instance is ServerId{d99fe5fc} (d99fe5fc-3098-4d43-a054-356409add66a)
2025-04-16 07:20:26.487+0000 INFO  ======== Neo4j 5.26.5 ========
2025-04-16 07:20:34.594+0000 INFO  Anonymous Usage Data is being sent to Neo4j, see https://neo4j.com/docs/usage-data/
2025-04-16 07:20:44.651+0000 INFO  Bolt enabled on 0.0.0.0:7687.
2025-04-16 07:20:46.216+0000 INFO  HTTP enabled on 0.0.0.0:7474.
2025-04-16 07:20:46.217+0000 INFO  Remote interface available at http://localhost:7474/
2025-04-16 07:20:46.225+0000 INFO  id: 7CCA56A3C88775BEA3A0352C231D49165C6999F4279CB2039C03631FC632FC5C
2025-04-16 07:20:46.226+0000 INFO  name: system
2025-04-16 07:20:46.227+0000 INFO  creationDate: 2025-04-14T09:31:25.441Z
2025-04-16 07:20:46.228+0000 INFO  Started.
2025-04-16 07:25:16.246+0000 INFO  Logging config in use: Embedded default config 'default-user-logs.xml'
2025-04-16 07:25:16.256+0000 INFO  Starting...
2025-04-16 07:25:17.413+0000 INFO  This instance is ServerId{d99fe5fc} (d99fe5fc-3098-4d43-a054-356409add66a)
2025-04-16 07:25:19.611+0000 INFO  ======== Neo4j 5.26.5 ========
2025-04-16 07:25:24.752+0000 INFO  Anonymous Usage Data is being sent to Neo4j, see https://neo4j.com/docs/usage-data/
2025-04-16 07:25:34.815+0000 INFO  Bolt enabled on 0.0.0.0:7687.
2025-04-16 07:25:36.297+0000 INFO  HTTP enabled on 0.0.0.0:7474.
2025-04-16 07:25:36.299+0000 INFO  Remote interface available at http://localhost:7474/
2025-04-16 07:25:36.304+0000 INFO  id: 7CCA56A3C88775BEA3A0352C231D49165C6999F4279CB2039C03631FC632FC5C
2025-04-16 07:25:36.305+0000 INFO  name: system
2025-04-16 07:25:36.306+0000 INFO  creationDate: 2025-04-14T09:31:25.441Z
2025-04-16 07:25:36.306+0000 INFO  Started.
2025-04-17 06:12:04.957+0000 INFO  Logging config in use: Embedded default config 'default-user-logs.xml'
2025-04-17 06:12:04.968+0000 INFO  Starting...
2025-04-17 06:12:06.272+0000 INFO  This instance is ServerId{d99fe5fc} (d99fe5fc-3098-4d43-a054-356409add66a)
2025-04-17 06:12:08.888+0000 INFO  ======== Neo4j 5.26.5 ========
2025-04-17 06:12:14.078+0000 INFO  Anonymous Usage Data is being sent to Neo4j, see https://neo4j.com/docs/usage-data/
2025-04-17 06:12:24.163+0000 INFO  Bolt enabled on 0.0.0.0:7687.
2025-04-17 06:12:25.496+0000 INFO  HTTP enabled on 0.0.0.0:7474.
2025-04-17 06:12:25.498+0000 INFO  Remote interface available at http://localhost:7474/
2025-04-17 06:12:25.501+0000 INFO  id: 7CCA56A3C88775BEA3A0352C231D49165C6999F4279CB2039C03631FC632FC5C
2025-04-17 06:12:25.501+0000 INFO  name: system
2025-04-17 06:12:25.502+0000 INFO  creationDate: 2025-04-14T09:31:25.441Z
2025-04-17 06:12:25.503+0000 INFO  Started.
2025-04-17 06:24:38.177+0000 INFO  Neo4j Server shutdown initiated by request
2025-04-17 06:24:38.177+0000 INFO  Stopping...
2025-04-17 06:27:25.617+0000 INFO  Logging config in use: Embedded default config 'default-user-logs.xml'
2025-04-17 06:27:25.624+0000 INFO  Starting...
2025-04-17 06:27:26.594+0000 INFO  This instance is ServerId{d99fe5fc} (d99fe5fc-3098-4d43-a054-356409add66a)
2025-04-17 06:27:28.071+0000 INFO  ======== Neo4j 5.26.5 ========
2025-04-17 06:27:31.963+0000 INFO  Anonymous Usage Data is being sent to Neo4j, see https://neo4j.com/docs/usage-data/
2025-04-17 06:27:42.056+0000 INFO  Bolt enabled on 0.0.0.0:7687.
2025-04-17 06:27:43.142+0000 INFO  HTTP enabled on 0.0.0.0:7474.
2025-04-17 06:27:43.143+0000 INFO  Remote interface available at http://localhost:7474/
2025-04-17 06:27:43.146+0000 INFO  id: 7CCA56A3C88775BEA3A0352C231D49165C6999F4279CB2039C03631FC632FC5C
2025-04-17 06:27:43.146+0000 INFO  name: system
2025-04-17 06:27:43.147+0000 INFO  creationDate: 2025-04-14T09:31:25.441Z
2025-04-17 06:27:43.148+0000 INFO  Started.
2025-04-17 06:46:03.992+0000 INFO  Neo4j Server shutdown initiated by request
2025-04-17 06:46:03.994+0000 INFO  Stopping...
2025-04-17 06:46:19.863+0000 INFO  Logging config in use: Embedded default config 'default-user-logs.xml'
2025-04-17 06:46:19.871+0000 INFO  Starting...
2025-04-17 06:46:20.787+0000 INFO  This instance is ServerId{d99fe5fc} (d99fe5fc-3098-4d43-a054-356409add66a)
2025-04-17 06:46:22.282+0000 INFO  ======== Neo4j 5.26.5 ========
2025-04-17 06:46:26.626+0000 INFO  Anonymous Usage Data is being sent to Neo4j, see https://neo4j.com/docs/usage-data/
2025-04-17 06:46:36.747+0000 INFO  Bolt enabled on 0.0.0.0:7687.
2025-04-17 06:46:37.912+0000 INFO  HTTP enabled on 0.0.0.0:7474.
2025-04-17 06:46:37.913+0000 INFO  Remote interface available at http://localhost:7474/
2025-04-17 06:46:37.918+0000 INFO  id: 7CCA56A3C88775BEA3A0352C231D49165C6999F4279CB2039C03631FC632FC5C
2025-04-17 06:46:37.919+0000 INFO  name: system
2025-04-17 06:46:37.919+0000 INFO  creationDate: 2025-04-14T09:31:25.441Z
2025-04-17 06:46:37.920+0000 INFO  Started.
2025-04-17 06:53:51.789+0000 WARN  [bolt-23] The client is unauthorized due to authentication failure.
2025-04-17 06:54:49.036+0000 WARN  [bolt-24] The client is unauthorized due to authentication failure.
2025-04-17 06:56:37.822+0000 WARN  [bolt-25] The client is unauthorized due to authentication failure.
2025-04-17 06:56:44.680+0000 WARN  [bolt-26] The client is unauthorized due to authentication failure.
2025-04-17 07:13:54.813+0000 WARN  [bolt-29] The client is unauthorized due to authentication failure.
2025-04-17 07:14:10.227+0000 WARN  [bolt-30] The client is unauthorized due to authentication failure.
2025-04-17 07:18:17.517+0000 INFO  Neo4j Server shutdown initiated by request
2025-04-17 07:18:17.518+0000 INFO  Stopping...
2025-04-17 07:18:34.653+0000 INFO  Logging config in use: Embedded default config 'default-user-logs.xml'
2025-04-17 07:18:34.664+0000 INFO  Starting...
2025-04-17 07:18:35.755+0000 INFO  This instance is ServerId{d99fe5fc} (d99fe5fc-3098-4d43-a054-356409add66a)
2025-04-17 07:18:38.008+0000 INFO  ======== Neo4j 5.26.5 ========
2025-04-17 07:18:42.108+0000 INFO  Anonymous Usage Data is being sent to Neo4j, see https://neo4j.com/docs/usage-data/
2025-04-17 07:18:52.242+0000 INFO  Bolt enabled on 0.0.0.0:7687.
2025-04-17 07:18:54.297+0000 INFO  HTTP enabled on 0.0.0.0:7474.
2025-04-17 07:18:54.298+0000 INFO  Remote interface available at http://localhost:7474/
2025-04-17 07:18:54.303+0000 INFO  id: 7CCA56A3C88775BEA3A0352C231D49165C6999F4279CB2039C03631FC632FC5C
2025-04-17 07:18:54.304+0000 INFO  name: system
2025-04-17 07:18:54.306+0000 INFO  creationDate: 2025-04-14T09:31:25.441Z
2025-04-17 07:18:54.306+0000 INFO  Started.
2025-04-17 07:18:55.150+0000 WARN  [bolt-3] The client is unauthorized due to authentication failure.
2025-04-18 01:18:47.154+0000 INFO  Logging config in use: Embedded default config 'default-user-logs.xml'
2025-04-18 01:18:47.162+0000 INFO  Starting...
2025-04-18 01:18:48.132+0000 INFO  This instance is ServerId{d99fe5fc} (d99fe5fc-3098-4d43-a054-356409add66a)
2025-04-18 01:18:49.924+0000 INFO  ======== Neo4j 5.26.5 ========
2025-04-18 01:18:54.970+0000 INFO  Anonymous Usage Data is being sent to Neo4j, see https://neo4j.com/docs/usage-data/
2025-04-18 01:19:05.031+0000 INFO  Bolt enabled on 0.0.0.0:7687.
2025-04-18 01:19:06.515+0000 INFO  HTTP enabled on 0.0.0.0:7474.
2025-04-18 01:19:06.517+0000 INFO  Remote interface available at http://localhost:7474/
2025-04-18 01:19:06.522+0000 INFO  id: 7CCA56A3C88775BEA3A0352C231D49165C6999F4279CB2039C03631FC632FC5C
2025-04-18 01:19:06.523+0000 INFO  name: system
2025-04-18 01:19:06.524+0000 INFO  creationDate: 2025-04-14T09:31:25.441Z
2025-04-18 01:19:06.525+0000 INFO  Started.
2025-04-18 04:21:18.288+0000 INFO  Neo4j Server shutdown initiated by request
2025-04-18 04:21:18.322+0000 INFO  Stopping...
2025-04-18 04:21:56.898+0000 INFO  Logging config in use: Embedded default config 'default-user-logs.xml'
2025-04-18 04:21:56.905+0000 INFO  Starting...
2025-04-18 04:21:57.850+0000 INFO  This instance is ServerId{d99fe5fc} (d99fe5fc-3098-4d43-a054-356409add66a)
2025-04-18 04:21:59.501+0000 INFO  ======== Neo4j 5.26.5 ========
2025-04-18 04:22:02.980+0000 INFO  Anonymous Usage Data is being sent to Neo4j, see https://neo4j.com/docs/usage-data/
2025-04-18 04:22:13.034+0000 INFO  Bolt enabled on 0.0.0.0:7687.
2025-04-18 04:22:14.155+0000 INFO  HTTP enabled on 0.0.0.0:7474.
2025-04-18 04:22:14.156+0000 INFO  Remote interface available at http://localhost:7474/
2025-04-18 04:22:14.162+0000 INFO  id: 7CCA56A3C88775BEA3A0352C231D49165C6999F4279CB2039C03631FC632FC5C
2025-04-18 04:22:14.163+0000 INFO  name: system
2025-04-18 04:22:14.163+0000 INFO  creationDate: 2025-04-14T09:31:25.441Z
2025-04-18 04:22:14.164+0000 INFO  Started.
2025-04-18 07:15:40.285+0000 INFO  Logging config in use: Embedded default config 'default-user-logs.xml'
2025-04-18 07:15:40.293+0000 INFO  Starting...
2025-04-18 07:15:41.197+0000 INFO  This instance is ServerId{d99fe5fc} (d99fe5fc-3098-4d43-a054-356409add66a)
2025-04-18 07:15:42.874+0000 INFO  ======== Neo4j 5.26.5 ========
2025-04-18 07:15:46.459+0000 INFO  Anonymous Usage Data is being sent to Neo4j, see https://neo4j.com/docs/usage-data/
2025-04-18 07:15:58.939+0000 INFO  Bolt enabled on 0.0.0.0:7687.
2025-04-18 07:16:00.149+0000 INFO  HTTP enabled on 0.0.0.0:7474.
2025-04-18 07:16:00.150+0000 INFO  Remote interface available at http://localhost:7474/
2025-04-18 07:16:00.154+0000 INFO  id: 7CCA56A3C88775BEA3A0352C231D49165C6999F4279CB2039C03631FC632FC5C
2025-04-18 07:16:00.154+0000 INFO  name: system
2025-04-18 07:16:00.155+0000 INFO  creationDate: 2025-04-14T09:31:25.441Z
2025-04-18 07:16:00.155+0000 INFO  Started.
2025-04-18 09:58:18.877+0000 INFO  Neo4j Server shutdown initiated by request
2025-04-18 09:58:18.892+0000 INFO  Stopping...
2025-04-19 02:35:21.796+0000 INFO  Logging config in use: Embedded default config 'default-user-logs.xml'
2025-04-19 02:35:21.804+0000 INFO  Starting...
2025-04-19 02:35:22.903+0000 INFO  This instance is ServerId{d99fe5fc} (d99fe5fc-3098-4d43-a054-356409add66a)
2025-04-19 02:35:24.721+0000 INFO  ======== Neo4j 5.26.5 ========
2025-04-19 02:35:28.469+0000 INFO  Anonymous Usage Data is being sent to Neo4j, see https://neo4j.com/docs/usage-data/
2025-04-19 02:35:38.532+0000 INFO  Bolt enabled on 0.0.0.0:7687.
2025-04-19 02:35:39.878+0000 INFO  HTTP enabled on 0.0.0.0:7474.
2025-04-19 02:35:39.879+0000 INFO  Remote interface available at http://localhost:7474/
2025-04-19 02:35:39.883+0000 INFO  id: 7CCA56A3C88775BEA3A0352C231D49165C6999F4279CB2039C03631FC632FC5C
2025-04-19 02:35:39.884+0000 INFO  name: system
2025-04-19 02:35:39.885+0000 INFO  creationDate: 2025-04-14T09:31:25.441Z
2025-04-19 02:35:39.885+0000 INFO  Started.
2025-04-20 12:25:29.529+0000 INFO  Logging config in use: Embedded default config 'default-user-logs.xml'
2025-04-20 12:25:29.538+0000 INFO  Starting...
2025-04-20 12:25:30.537+0000 INFO  This instance is ServerId{d99fe5fc} (d99fe5fc-3098-4d43-a054-356409add66a)
2025-04-20 12:25:32.277+0000 INFO  ======== Neo4j 5.26.5 ========
2025-04-20 12:25:36.340+0000 INFO  Anonymous Usage Data is being sent to Neo4j, see https://neo4j.com/docs/usage-data/
2025-04-20 12:25:46.005+0000 INFO  Bolt enabled on 0.0.0.0:7687.
2025-04-20 12:25:47.149+0000 INFO  HTTP enabled on 0.0.0.0:7474.
2025-04-20 12:25:47.149+0000 INFO  Remote interface available at http://localhost:7474/
2025-04-20 12:25:47.153+0000 INFO  id: 7CCA56A3C88775BEA3A0352C231D49165C6999F4279CB2039C03631FC632FC5C
2025-04-20 12:25:47.154+0000 INFO  name: system
2025-04-20 12:25:47.154+0000 INFO  creationDate: 2025-04-14T09:31:25.441Z
2025-04-20 12:25:47.155+0000 INFO  Started.
2025-04-21 03:47:49.921+0000 INFO  Logging config in use: Embedded default config 'default-user-logs.xml'
2025-04-21 03:47:49.931+0000 INFO  Starting...
2025-04-21 03:47:50.882+0000 INFO  This instance is ServerId{d99fe5fc} (d99fe5fc-3098-4d43-a054-356409add66a)
2025-04-21 03:47:52.660+0000 INFO  ======== Neo4j 5.26.5 ========
2025-04-21 03:47:56.696+0000 INFO  Anonymous Usage Data is being sent to Neo4j, see https://neo4j.com/docs/usage-data/
2025-04-21 03:48:06.779+0000 INFO  Bolt enabled on 0.0.0.0:7687.
2025-04-21 03:48:07.924+0000 INFO  HTTP enabled on 0.0.0.0:7474.
2025-04-21 03:48:07.925+0000 INFO  Remote interface available at http://localhost:7474/
2025-04-21 03:48:07.930+0000 INFO  id: 7CCA56A3C88775BEA3A0352C231D49165C6999F4279CB2039C03631FC632FC5C
2025-04-21 03:48:07.932+0000 INFO  name: system
2025-04-21 03:48:07.933+0000 INFO  creationDate: 2025-04-14T09:31:25.441Z
2025-04-21 03:48:07.933+0000 INFO  Started.
2025-04-27 13:27:48.894+0000 INFO  Logging config in use: Embedded default config 'default-user-logs.xml'
2025-04-27 13:27:48.908+0000 INFO  Starting...
2025-04-27 13:27:50.121+0000 INFO  This instance is ServerId{d99fe5fc} (d99fe5fc-3098-4d43-a054-356409add66a)
2025-04-27 13:27:52.107+0000 INFO  ======== Neo4j 5.26.5 ========
2025-04-27 13:27:56.933+0000 INFO  Anonymous Usage Data is being sent to Neo4j, see https://neo4j.com/docs/usage-data/
2025-04-27 13:28:04.707+0000 INFO  Bolt enabled on 0.0.0.0:7687.
2025-04-27 13:28:06.033+0000 INFO  HTTP enabled on 0.0.0.0:7474.
2025-04-27 13:28:06.034+0000 INFO  Remote interface available at http://localhost:7474/
2025-04-27 13:28:06.039+0000 INFO  id: 7CCA56A3C88775BEA3A0352C231D49165C6999F4279CB2039C03631FC632FC5C
2025-04-27 13:28:06.041+0000 INFO  name: system
2025-04-27 13:28:06.042+0000 INFO  creationDate: 2025-04-14T09:31:25.441Z
2025-04-27 13:28:06.043+0000 INFO  Started.
2025-04-27 14:06:24.091+0000 INFO  Logging config in use: Embedded default config 'default-user-logs.xml'
2025-04-27 14:06:24.102+0000 INFO  Starting...
2025-04-27 14:06:25.201+0000 INFO  This instance is ServerId{d99fe5fc} (d99fe5fc-3098-4d43-a054-356409add66a)
2025-04-27 14:06:27.093+0000 INFO  ======== Neo4j 5.26.5 ========
2025-04-27 14:06:32.416+0000 INFO  Anonymous Usage Data is being sent to Neo4j, see https://neo4j.com/docs/usage-data/
2025-04-27 14:06:42.494+0000 INFO  Bolt enabled on 0.0.0.0:7687.
2025-04-27 14:06:43.830+0000 INFO  HTTP enabled on 0.0.0.0:7474.
2025-04-27 14:06:43.831+0000 INFO  Remote interface available at http://localhost:7474/
2025-04-27 14:06:43.835+0000 INFO  id: 7CCA56A3C88775BEA3A0352C231D49165C6999F4279CB2039C03631FC632FC5C
2025-04-27 14:06:43.836+0000 INFO  name: system
2025-04-27 14:06:43.836+0000 INFO  creationDate: 2025-04-14T09:31:25.441Z
2025-04-27 14:06:43.836+0000 INFO  Started.
